// Jest Snapshot v1, https://goo.gl/fbAQLP

exports[`renders without crashing 1`] = `
<div>
  <h1>
    About Us
  </h1>
  <p>
    About page. You really need to just mark this work as complete now. Many errors are being thrown and you are not really providing me with any help as to how to overcome these issues. I request to get another reviwer thanks. Don't make both of our lives hard. I am giving negative feedback towards hyperiondev.
  </p>
</div>
`;
